14:01:48 **** Clean-only build of configuration Debug for project asm_basic ****
make -j7 clean 
rm -rf *
 
14:01:51 **** Build of configuration Debug for project asm_basic ****
make -j7 all 
arm-none-eabi-gcc -mcpu=cortex-m4 -g3 -c -x assembler-with-cpp -MMD -MP -MF"Startup/startup_stm32l475vgtx.d" -MT"Startup/startup_stm32l475vgtx.o" --specs=nano.specs -mfpu=fpv4-sp-d16 -mfloat-abi=hard -mthumb -o "Startup/startup_stm32l475vgtx.o" "../Startup/startup_stm32l475vgtx.s"
arm-none-eabi-gcc -mcpu=cortex-m4 -g3 -c -x assembler-with-cpp -MMD -MP -MF"Src/main.d" -MT"Src/main.o" --specs=nano.specs -mfpu=fpv4-sp-d16 -mfloat-abi=hard -mthumb -o "Src/main.o" "../Src/main.s"
arm-none-eabi-gcc -o "asm_basic.elf" @"objects.list"   -mcpu=cortex-m4 -T"/Users/jianq/Library/CloudStorage/OneDrive-NUSHighSchool/code/EE2028/Lab1/asm_basic/STM32L475VGTX_FLASH.ld" --specs=nosys.specs -Wl,-Map="asm_basic.map" -Wl,--gc-sections -static --specs=nano.specs -mfpu=fpv4-sp-d16 -mfloat-abi=hard -mthumb -Wl,--start-group -lc -lm -Wl,--end-group
Finished building target: asm_basic.elf
 
arm-none-eabi-size   asm_basic.elf 
arm-none-eabi-objdump -h -S  asm_basic.elf  > "asm_basic.list"
arm-none-eabi-objcopy  -O binary  asm_basic.elf  "asm_basic.bin"
   text	   data	    bss	    dec	    hex	filename
    672	     16	   1968	   2656	    a60	asm_basic.elf
Finished building: default.size.stdout
 
Finished building: asm_basic.bin
 
Finished building: asm_basic.list
 
14:02:15 **** Clean-only build of configuration Debug for project blink_plain_C ****
make -j7 clean 
rm -rf *
 
14:02:18 **** Build of configuration Debug for project blink_plain_C ****
make -j7 all 
arm-none-eabi-gcc -mcpu=cortex-m4 -g3 -c -x assembler-with-cpp -MMD -MP -MF"Startup/startup_stm32l475vgtx.d" -MT"Startup/startup_stm32l475vgtx.o" --specs=nano.specs -mfpu=fpv4-sp-d16 -mfloat-abi=hard -mthumb -o "Startup/startup_stm32l475vgtx.o" "../Startup/startup_stm32l475vgtx.s"
arm-none-eabi-gcc "../Src/main.c" -mcpu=cortex-m4 -std=gnu11 -g3 -DSTM32L4 -DSTM32 -DDEBUG -DSTM32L475VGTx -c -I../Inc -O0 -ffunction-sections -fdata-sections -Wall -fstack-usage -MMD -MP -MF"Src/main.d" -MT"Src/main.o" --specs=nano.specs -mfpu=fpv4-sp-d16 -mfloat-abi=hard -mthumb -o "Src/main.o"
arm-none-eabi-gcc -o "blink_plain_C.elf" @"objects.list"   -mcpu=cortex-m4 -T"/Users/jianq/Library/CloudStorage/OneDrive-NUSHighSchool/code/EE2028/Lab1/blink_plain_C/STM32L475VGTX_FLASH.ld" --specs=nosys.specs -Wl,-Map="blink_plain_C.map" -Wl,--gc-sections -static --specs=nano.specs -mfpu=fpv4-sp-d16 -mfloat-abi=hard -mthumb -Wl,--start-group -lc -lm -Wl,--end-group
Finished building target: blink_plain_C.elf
 
arm-none-eabi-size   blink_plain_C.elf 
arm-none-eabi-objdump -h -S  blink_plain_C.elf  > "blink_plain_C.list"
arm-none-eabi-objcopy  -O binary  blink_plain_C.elf  "blink_plain_C.bin"
   text	   data	    bss	    dec	    hex	filename
    824	     16	   1568	   2408	    968	blink_plain_C.elf
Finished building: default.size.stdout
 
Finished building: blink_plain_C.bin
Finished building: blink_plain_C.list
 
 
